node:internal/modules/package_json_reader:266
  throw new ERR_MODULE_NOT_FOUND(packageName, fileURLToPath(base), null);
        ^

Error [ERR_MODULE_NOT_FOUND]: Cannot find package 'vite' imported from /workspace/dist/index.js
    at Object.getPackageJSONURL (node:internal/modules/package_json_reader:266:9)
    at packageResolve (node:internal/modules/esm/resolve:767:81)
    at moduleResolve (node:internal/modules/esm/resolve:853:18)
    at defaultResolve (node:internal/modules/esm/resolve:983:11)
    at #cachedDefaultResolve (node:internal/modules/esm/loader:717:20)
    at ModuleLoader.resolve (node:internal/modules/esm/loader:694:38)
    at ModuleLoader.getModuleJobForImport (node:internal/modules/esm/loader:308:38)
    at ModuleJob._link (node:internal/modules/esm/module_job:183:49) {
  code: 'ERR_MODULE_NOT_FOUND'
}

Node.js v22.19.0

> rest-express@1.0.0 start
> NODE_ENV=production node dist/index.js

node:internal/modules/package_json_reader:266
  throw new ERR_MODULE_NOT_FOUND(packageName, fileURLToPath(base), null);
        ^

Error [ERR_MODULE_NOT_FOUND]: Cannot find package 'vite' imported from /workspace/dist/index.js
    at Object.getPackageJSONURL (node:internal/modules/package_json_reader:266:9)
    at packageResolve (node:internal/modules/esm/resolve:767:81)
    at moduleResolve (node:internal/modules/esm/resolve:853:18)
    at defaultResolve (node:internal/modules/esm/resolve:983:11)
    at #cachedDefaultResolve (node:internal/modules/esm/loader:717:20)
    at ModuleLoader.resolve (node:internal/modules/esm/loader:694:38)
    at ModuleLoader.getModuleJobForImport (node:internal/modules/esm/loader:308:38)
    at ModuleJob._link (node:internal/modules/esm/module_job:183:49) {
  code: 'ERR_MODULE_NOT_FOUND'
}

Node.js v22.19.0

> rest-express@1.0.0 start
> NODE_ENV=production node dist/index.js

node:internal/modules/package_json_reader:266
  throw new ERR_MODULE_NOT_FOUND(packageName, fileURLToPath(base), null);
        ^

Error [ERR_MODULE_NOT_FOUND]: Cannot find package 'vite' imported from /workspace/dist/index.js
    at Object.getPackageJSONURL (node:internal/modules/package_json_reader:266:9)
    at packageResolve (node:internal/modules/esm/resolve:767:81)
    at moduleResolve (node:internal/modules/esm/resolve:853:18)
    at defaultResolve (node:internal/modules/esm/resolve:983:11)
    at #cachedDefaultResolve (node:internal/modules/esm/loader:717:20)
    at ModuleLoader.resolve (node:internal/modules/esm/loader:694:38)
    at ModuleLoader.getModuleJobForImport (node:internal/modules/esm/loader:308:38)
    at ModuleJob._link (node:internal/modules/esm/module_job:183:49) {
  code: 'ERR_MODULE_NOT_FOUND'
}

Node.js v22.19.0

> rest-express@1.0.0 start
> NODE_ENV=production node dist/index.js

node:internal/modules/package_json_reader:266
  throw new ERR_MODULE_NOT_FOUND(packageName, fileURLToPath(base), null);
        ^

Error [ERR_MODULE_NOT_FOUND]: Cannot find package 'vite' imported from /workspace/dist/index.js
    at Object.getPackageJSONURL (node:internal/modules/package_json_reader:266:9)
    at packageResolve (node:internal/modules/esm/resolve:767:81)
    at moduleResolve (node:internal/modules/esm/resolve:853:18)
    at defaultResolve (node:internal/modules/esm/resolve:983:11)
    at #cachedDefaultResolve (node:internal/modules/esm/loader:717:20)
    at ModuleLoader.resolve (node:internal/modules/esm/loader:694:38)
    at ModuleLoader.getModuleJobForImport (node:internal/modules/esm/loader:308:38)
    at ModuleJob._link (node:internal/modules/esm/module_job:183:49) {
  code: 'ERR_MODULE_NOT_FOUND'
}

Node.js v22.19.0

> rest-express@1.0.0 start
> NODE_ENV=production node dist/index.js


> rest-express@1.0.0 start
> NODE_ENV=production node dist/index.js

node:internal/modules/package_json_reader:266
  throw new ERR_MODULE_NOT_FOUND(packageName, fileURLToPath(base), null);
        ^

Error [ERR_MODULE_NOT_FOUND]: Cannot find package 'vite' imported from /workspace/dist/index.js
    at Object.getPackageJSONURL (node:internal/modules/package_json_reader:266:9)
    at packageResolve (node:internal/modules/esm/resolve:767:81)
    at moduleResolve (node:internal/modules/esm/resolve:853:18)
    at defaultResolve (node:internal/modules/esm/resolve:983:11)
    at #cachedDefaultResolve (node:internal/modules/esm/loader:717:20)
    at ModuleLoader.resolve (node:internal/modules/esm/loader:694:38)
    at ModuleLoader.getModuleJobForImport (node:internal/modules/esm/loader:308:38)
    at ModuleJob._link (node:internal/modules/esm/module_job:183:49) {
  code: 'ERR_MODULE_NOT_FOUND'
}

Node.js v22.19.0
node:internal/modules/package_json_reader:266
  throw new ERR_MODULE_NOT_FOUND(packageName, fileURLToPath(base), null);
        ^

Error [ERR_MODULE_NOT_FOUND]: Cannot find package 'vite' imported from /workspace/dist/index.js
    at Object.getPackageJSONURL (node:internal/modules/package_json_reader:266:9)
    at packageResolve (node:internal/modules/esm/resolve:767:81)
    at moduleResolve (node:internal/modules/esm/resolve:853:18)
    at defaultResolve (node:internal/modules/esm/resolve:983:11)
    at #cachedDefaultResolve (node:internal/modules/esm/loader:717:20)
    at ModuleLoader.resolve (node:internal/modules/esm/loader:694:38)
    at ModuleLoader.getModuleJobForImport (node:internal/modules/esm/loader:308:38)
    at ModuleJob._link (node:internal/modules/esm/module_job:183:49) {
  code: 'ERR_MODULE_NOT_FOUND'
}

Node.js v22.19.0